src/components/ProjectDetail.tsx(914,9): error TS17002: Expected corresponding JSX closing tag for 'figure'.
